WARNING: We recommend using a newer Android Gradle plugin to use compileSdk = 35

This Android Gradle plugin (8.5.2) was tested up to compileSdk = 34.

You are strongly encouraged to update your project to use a newer
Android Gradle plugin that has been tested with compileSdk = 35.

If you are already using the latest version of the Android Gradle plugin,
you may need to wait until a newer version with support for compileSdk = 35 is available.

For more information refer to the compatibility table:
https://d.android.com/r/tools/api-level-support

To suppress this warning, add/update
    android.suppressUnsupportedCompileSdk=35
to this project's gradle.properties.
> Task :app:preBuild UP-TO-DATE
> Task :app:preDebugBuild UP-TO-DATE
> Task :app:mergeDebugNativeDebugMetadata NO-SOURCE
> Task :app:checkDebugAarMetadata UP-TO-DATE
> Task :app:generateDebugResValues UP-TO-DATE
> Task :app:mapDebugSourceSetPaths UP-TO-DATE
> Task :app:generateDebugResources UP-TO-DATE
> Task :app:mergeDebugResources UP-TO-DATE
> Task :app:packageDebugResources UP-TO-DATE
> Task :app:parseDebugLocalResources UP-TO-DATE
> Task :app:createDebugCompatibleScreenManifests UP-TO-DATE
> Task :app:extractDeepLinksDebug UP-TO-DATE
> Task :app:processDebugMainManifest UP-TO-DATE
> Task :app:processDebugManifest UP-TO-DATE
> Task :app:processDebugManifestForPackage UP-TO-DATE
> Task :app:processDebugResources UP-TO-DATE
> Task :app:javaPreCompileDebug UP-TO-DATE
> Task :app:mergeDebugShaders UP-TO-DATE
> Task :app:compileDebugShaders NO-SOURCE
> Task :app:generateDebugAssets UP-TO-DATE
> Task :app:mergeDebugAssets UP-TO-DATE
> Task :app:compressDebugAssets UP-TO-DATE
> Task :app:checkDebugDuplicateClasses UP-TO-DATE
> Task :app:desugarDebugFileDependencies UP-TO-DATE
> Task :app:mergeDebugStartupProfile UP-TO-DATE
> Task :app:mergeExtDexDebug UP-TO-DATE
> Task :app:mergeLibDexDebug UP-TO-DATE
> Task :app:mergeDebugJniLibFolders UP-TO-DATE
> Task :app:mergeDebugNativeLibs NO-SOURCE
> Task :app:stripDebugDebugSymbols NO-SOURCE
> Task :app:validateSigningDebug UP-TO-DATE
> Task :app:writeDebugAppMetadata UP-TO-DATE
> Task :app:writeDebugSigningConfigVersions UP-TO-DATE

> Task :app:compileDebugKotlin
e: file:///Users/mcnaveen/Developer/HC-Webhook/app/src/main/java/com/hcwebhook/app/PreferencesManager.kt:27:27 Conflicting declarations: private const final val KEY_LAST_SYNC_TIME: String, private const final val KEY_LAST_SYNC_TIME: String
e: file:///Users/mcnaveen/Developer/HC-Webhook/app/src/main/java/com/hcwebhook/app/PreferencesManager.kt:28:27 Conflicting declarations: private const final val KEY_LAST_SYNC_SUMMARY: String, private const final val KEY_LAST_SYNC_SUMMARY: String
e: file:///Users/mcnaveen/Developer/HC-Webhook/app/src/main/java/com/hcwebhook/app/PreferencesManager.kt:38:27 Conflicting declarations: private const final val KEY_LAST_SYNC_TIME: String, private const final val KEY_LAST_SYNC_TIME: String
e: file:///Users/mcnaveen/Developer/HC-Webhook/app/src/main/java/com/hcwebhook/app/PreferencesManager.kt:39:27 Conflicting declarations: private const final val KEY_LAST_SYNC_SUMMARY: String, private const final val KEY_LAST_SYNC_SUMMARY: String
e: file:///Users/mcnaveen/Developer/HC-Webhook/app/src/main/java/com/hcwebhook/app/PreferencesManager.kt:155:5 Conflicting overloads: public final fun getLastSyncTime(): Long? defined in com.hcwebhook.app.PreferencesManager, public final fun getLastSyncTime(): Long? defined in com.hcwebhook.app.PreferencesManager
e: file:///Users/mcnaveen/Developer/HC-Webhook/app/src/main/java/com/hcwebhook/app/PreferencesManager.kt:156:39 Overload resolution ambiguity: 
private const final val KEY_LAST_SYNC_TIME: String defined in com.hcwebhook.app.PreferencesManager.Companion
private const final val KEY_LAST_SYNC_TIME: String defined in com.hcwebhook.app.PreferencesManager.Companion
e: file:///Users/mcnaveen/Developer/HC-Webhook/app/src/main/java/com/hcwebhook/app/PreferencesManager.kt:160:5 Conflicting overloads: public final fun setLastSyncTime(timestamp: Long): Unit defined in com.hcwebhook.app.PreferencesManager, public final fun setLastSyncTime(timestamp: Long): Unit defined in com.hcwebhook.app.PreferencesManager
e: file:///Users/mcnaveen/Developer/HC-Webhook/app/src/main/java/com/hcwebhook/app/PreferencesManager.kt:161:30 Overload resolution ambiguity: 
private const final val KEY_LAST_SYNC_TIME: String defined in com.hcwebhook.app.PreferencesManager.Companion
private const final val KEY_LAST_SYNC_TIME: String defined in com.hcwebhook.app.PreferencesManager.Companion
e: file:///Users/mcnaveen/Developer/HC-Webhook/app/src/main/java/com/hcwebhook/app/PreferencesManager.kt:164:5 Conflicting overloads: public final fun getLastSyncSummary(): String? defined in com.hcwebhook.app.PreferencesManager, public final fun getLastSyncSummary(): String? defined in com.hcwebhook.app.PreferencesManager
e: file:///Users/mcnaveen/Developer/HC-Webhook/app/src/main/java/com/hcwebhook/app/PreferencesManager.kt:165:32 Overload resolution ambiguity: 
private const final val KEY_LAST_SYNC_SUMMARY: String defined in com.hcwebhook.app.PreferencesManager.Companion
private const final val KEY_LAST_SYNC_SUMMARY: String defined in com.hcwebhook.app.PreferencesManager.Companion
e: file:///Users/mcnaveen/Developer/HC-Webhook/app/src/main/java/com/hcwebhook/app/PreferencesManager.kt:168:5 Conflicting overloads: public final fun setLastSyncSummary(summary: String): Unit defined in com.hcwebhook.app.PreferencesManager, public final fun setLastSyncSummary(summary: String): Unit defined in com.hcwebhook.app.PreferencesManager
e: file:///Users/mcnaveen/Developer/HC-Webhook/app/src/main/java/com/hcwebhook/app/PreferencesManager.kt:169:32 Overload resolution ambiguity: 
private const final val KEY_LAST_SYNC_SUMMARY: String defined in com.hcwebhook.app.PreferencesManager.Companion
private const final val KEY_LAST_SYNC_SUMMARY: String defined in com.hcwebhook.app.PreferencesManager.Companion
e: file:///Users/mcnaveen/Developer/HC-Webhook/app/src/main/java/com/hcwebhook/app/PreferencesManager.kt:257:5 Conflicting overloads: public final fun getLastSyncTime(): Long? defined in com.hcwebhook.app.PreferencesManager, public final fun getLastSyncTime(): Long? defined in com.hcwebhook.app.PreferencesManager
e: file:///Users/mcnaveen/Developer/HC-Webhook/app/src/main/java/com/hcwebhook/app/PreferencesManager.kt:258:39 Overload resolution ambiguity: 
private const final val KEY_LAST_SYNC_TIME: String defined in com.hcwebhook.app.PreferencesManager.Companion
private const final val KEY_LAST_SYNC_TIME: String defined in com.hcwebhook.app.PreferencesManager.Companion
e: file:///Users/mcnaveen/Developer/HC-Webhook/app/src/main/java/com/hcwebhook/app/PreferencesManager.kt:262:5 Conflicting overloads: public final fun setLastSyncTime(timestamp: Long): Unit defined in com.hcwebhook.app.PreferencesManager, public final fun setLastSyncTime(timestamp: Long): Unit defined in com.hcwebhook.app.PreferencesManager
e: file:///Users/mcnaveen/Developer/HC-Webhook/app/src/main/java/com/hcwebhook/app/PreferencesManager.kt:263:30 Overload resolution ambiguity: 
private const final val KEY_LAST_SYNC_TIME: String defined in com.hcwebhook.app.PreferencesManager.Companion
private const final val KEY_LAST_SYNC_TIME: String defined in com.hcwebhook.app.PreferencesManager.Companion
e: file:///Users/mcnaveen/Developer/HC-Webhook/app/src/main/java/com/hcwebhook/app/PreferencesManager.kt:266:5 Conflicting overloads: public final fun getLastSyncSummary(): String? defined in com.hcwebhook.app.PreferencesManager, public final fun getLastSyncSummary(): String? defined in com.hcwebhook.app.PreferencesManager
e: file:///Users/mcnaveen/Developer/HC-Webhook/app/src/main/java/com/hcwebhook/app/PreferencesManager.kt:267:32 Overload resolution ambiguity: 
private const final val KEY_LAST_SYNC_SUMMARY: String defined in com.hcwebhook.app.PreferencesManager.Companion
private const final val KEY_LAST_SYNC_SUMMARY: String defined in com.hcwebhook.app.PreferencesManager.Companion
e: file:///Users/mcnaveen/Developer/HC-Webhook/app/src/main/java/com/hcwebhook/app/PreferencesManager.kt:270:5 Conflicting overloads: public final fun setLastSyncSummary(summary: String): Unit defined in com.hcwebhook.app.PreferencesManager, public final fun setLastSyncSummary(summary: String): Unit defined in com.hcwebhook.app.PreferencesManager
e: file:///Users/mcnaveen/Developer/HC-Webhook/app/src/main/java/com/hcwebhook/app/PreferencesManager.kt:271:32 Overload resolution ambiguity: 
private const final val KEY_LAST_SYNC_SUMMARY: String defined in com.hcwebhook.app.PreferencesManager.Companion
private const final val KEY_LAST_SYNC_SUMMARY: String defined in com.hcwebhook.app.PreferencesManager.Companion
e: file:///Users/mcnaveen/Developer/HC-Webhook/app/src/main/java/com/hcwebhook/app/SyncManager.kt:47:36 Overload resolution ambiguity: 
public final fun setLastSyncTime(timestamp: Long): Unit defined in com.hcwebhook.app.PreferencesManager
public final fun setLastSyncTime(timestamp: Long): Unit defined in com.hcwebhook.app.PreferencesManager
e: file:///Users/mcnaveen/Developer/HC-Webhook/app/src/main/java/com/hcwebhook/app/SyncManager.kt:48:36 Overload resolution ambiguity: 
public final fun setLastSyncSummary(summary: String): Unit defined in com.hcwebhook.app.PreferencesManager
public final fun setLastSyncSummary(summary: String): Unit defined in com.hcwebhook.app.PreferencesManager
e: file:///Users/mcnaveen/Developer/HC-Webhook/app/src/main/java/com/hcwebhook/app/SyncManager.kt:82:32 Overload resolution ambiguity: 
public final fun setLastSyncTime(timestamp: Long): Unit defined in com.hcwebhook.app.PreferencesManager
public final fun setLastSyncTime(timestamp: Long): Unit defined in com.hcwebhook.app.PreferencesManager
e: file:///Users/mcnaveen/Developer/HC-Webhook/app/src/main/java/com/hcwebhook/app/SyncManager.kt:83:32 Overload resolution ambiguity: 
public final fun setLastSyncSummary(summary: String): Unit defined in com.hcwebhook.app.PreferencesManager
public final fun setLastSyncSummary(summary: String): Unit defined in com.hcwebhook.app.PreferencesManager
e: file:///Users/mcnaveen/Developer/HC-Webhook/app/src/main/java/com/hcwebhook/app/screens/ConfigurationScreen.kt:63:25 Not enough information to infer type variable T
e: file:///Users/mcnaveen/Developer/HC-Webhook/app/src/main/java/com/hcwebhook/app/screens/ConfigurationScreen.kt:63:25 Property delegate must have a 'getValue(Nothing?, KProperty<*>)' method. None of the following functions is suitable: 
public inline operator fun <T> State<???>.getValue(thisObj: Any?, property: KProperty<*>): ??? defined in androidx.compose.runtime
e: file:///Users/mcnaveen/Developer/HC-Webhook/app/src/main/java/com/hcwebhook/app/screens/ConfigurationScreen.kt:63:70 Overload resolution ambiguity: 
public final fun getLastSyncTime(): Long? defined in com.hcwebhook.app.PreferencesManager
public final fun getLastSyncTime(): Long? defined in com.hcwebhook.app.PreferencesManager
e: file:///Users/mcnaveen/Developer/HC-Webhook/app/src/main/java/com/hcwebhook/app/screens/ConfigurationScreen.kt:64:28 Not enough information to infer type variable T
e: file:///Users/mcnaveen/Developer/HC-Webhook/app/src/main/java/com/hcwebhook/app/screens/ConfigurationScreen.kt:64:28 Property delegate must have a 'getValue(Nothing?, KProperty<*>)' method. None of the following functions is suitable: 
public inline operator fun <T> State<???>.getValue(thisObj: Any?, property: KProperty<*>): ??? defined in androidx.compose.runtime
e: file:///Users/mcnaveen/Developer/HC-Webhook/app/src/main/java/com/hcwebhook/app/screens/ConfigurationScreen.kt:64:73 Overload resolution ambiguity: 
public final fun getLastSyncSummary(): String? defined in com.hcwebhook.app.PreferencesManager
public final fun getLastSyncSummary(): String? defined in com.hcwebhook.app.PreferencesManager
e: file:///Users/mcnaveen/Developer/HC-Webhook/app/src/main/java/com/hcwebhook/app/screens/ConfigurationScreen.kt:72:58 Overload resolution ambiguity: 
public final operator fun minus(other: Byte): Long defined in kotlin.Long
public final operator fun minus(other: Double): Double defined in kotlin.Long
public final operator fun minus(other: Float): Float defined in kotlin.Long
public final operator fun minus(other: Int): Long defined in kotlin.Long
public final operator fun minus(other: Long): Long defined in kotlin.Long
public final operator fun minus(other: Short): Long defined in kotlin.Long
e: file:///Users/mcnaveen/Developer/HC-Webhook/app/src/main/java/com/hcwebhook/app/screens/ConfigurationScreen.kt:167:52 Overload resolution ambiguity: 
public final fun getLastSyncTime(): Long? defined in com.hcwebhook.app.PreferencesManager
public final fun getLastSyncTime(): Long? defined in com.hcwebhook.app.PreferencesManager
e: file:///Users/mcnaveen/Developer/HC-Webhook/app/src/main/java/com/hcwebhook/app/screens/ConfigurationScreen.kt:168:55 Overload resolution ambiguity: 
public final fun getLastSyncSummary(): String? defined in com.hcwebhook.app.PreferencesManager
public final fun getLastSyncSummary(): String? defined in com.hcwebhook.app.PreferencesManager
e: file:///Users/mcnaveen/Developer/HC-Webhook/app/src/main/java/com/hcwebhook/app/screens/ConfigurationScreen.kt:197:29 None of the following functions can be called with the arguments supplied: 
public fun Text(text: AnnotatedString, modifier: Modifier = ..., color: Color = ..., fontSize: TextUnit = ..., fontStyle: FontStyle? = ..., fontWeight: FontWeight? = ..., fontFamily: FontFamily? = ..., letterSpacing: TextUnit = ..., textDecoration: TextDecoration? = ..., textAlign: TextAlign? = ..., lineHeight: TextUnit = ..., overflow: TextOverflow = ..., softWrap: Boolean = ..., maxLines: Int = ..., minLines: Int = ..., inlineContent: Map<String, InlineTextContent> = ..., onTextLayout: (TextLayoutResult) -> Unit = ..., style: TextStyle = ...): Unit defined in androidx.compose.material3
public fun Text(text: String, modifier: Modifier = ..., color: Color = ..., fontSize: TextUnit = ..., fontStyle: FontStyle? = ..., fontWeight: FontWeight? = ..., fontFamily: FontFamily? = ..., letterSpacing: TextUnit = ..., textDecoration: TextDecoration? = ..., textAlign: TextAlign? = ..., lineHeight: TextUnit = ..., overflow: TextOverflow = ..., softWrap: Boolean = ..., maxLines: Int = ..., minLines: Int = ..., onTextLayout: ((TextLayoutResult) -> Unit)? = ..., style: TextStyle = ...): Unit defined in androidx.compose.material3

> Task :app:compileDebugKotlin FAILED

FAILURE: Build failed with an exception.

* What went wrong:
Execution failed for task ':app:compileDebugKotlin'.
> A failure occurred while executing org.jetbrains.kotlin.compilerRunner.GradleCompilerRunnerWithWorkers$GradleKotlinCompilerWorkAction
   > Compilation error. See log for more details

* Try:
> Run with --stacktrace option to get the stack trace.
> Run with --info or --debug option to get more log output.
> Run with --scan to get full insights.
> Get more help at https://help.gradle.org.

Deprecated Gradle features were used in this build, making it incompatible with Gradle 9.0.

You can use '--warning-mode all' to show the individual deprecation warnings and determine if they come from your own scripts or plugins.

For more on this, please refer to https://docs.gradle.org/8.7/userguide/command_line_interface.html#sec:command_line_warnings in the Gradle documentation.

BUILD FAILED in 8s
27 actionable tasks: 1 executed, 26 up-to-date
